******************************************************************************
                  MSP430 Linker PC v4.2.1                      
******************************************************************************
>> Linked Wed Dec 03 20:14:42 2014

OUTPUT FILE NAME:   <449_laptop.out>
ENTRY POINT SYMBOL: "_c_int00"  address: 0000d158


MEMORY CONFIGURATION

         name            origin    length      used     unused   attr    fill
----------------------  --------  ---------  --------  --------  ----  --------
  SFR                   00000000   00000010  00000000  00000010  RWIX
  PERIPHERALS_8BIT      00000010   000000f0  00000000  000000f0  RWIX
  PERIPHERALS_16BIT     00000100   00000100  00000000  00000100  RWIX
  RAM                   00000200   00000200  0000006a  00000196  RWIX
  INFOD                 00001000   00000040  00000000  00000040  RWIX
  INFOC                 00001040   00000040  00000000  00000040  RWIX
  INFOB                 00001080   00000040  00000000  00000040  RWIX
  INFOA                 000010c0   00000040  00000000  00000040  RWIX
  FLASH                 0000c000   00003fe0  0000130b  00002cd5  RWIX
  INT00                 0000ffe0   00000002  00000000  00000002  RWIX
  INT01                 0000ffe2   00000002  00000000  00000002  RWIX
  INT02                 0000ffe4   00000002  00000002  00000000  RWIX
  INT03                 0000ffe6   00000002  00000002  00000000  RWIX
  INT04                 0000ffe8   00000002  00000000  00000002  RWIX
  INT05                 0000ffea   00000002  00000002  00000000  RWIX
  INT06                 0000ffec   00000002  00000002  00000000  RWIX
  INT07                 0000ffee   00000002  00000002  00000000  RWIX
  INT08                 0000fff0   00000002  00000002  00000000  RWIX
  INT09                 0000fff2   00000002  00000002  00000000  RWIX
  INT10                 0000fff4   00000002  00000002  00000000  RWIX
  INT11                 0000fff6   00000002  00000002  00000000  RWIX
  INT12                 0000fff8   00000002  00000002  00000000  RWIX
  INT13                 0000fffa   00000002  00000002  00000000  RWIX
  INT14                 0000fffc   00000002  00000002  00000000  RWIX
  RESET                 0000fffe   00000002  00000002  00000000  RWIX


SECTION ALLOCATION MAP

 output                                  attributes/
section   page    origin      length       input sections
--------  ----  ----------  ----------   ----------------
.init_array 
*          0    0000c000    00000000     UNINITIALIZED

.bss       0    00000200    00000016     UNINITIALIZED
                  00000200    0000000a     (.common:frequencyAvg)
                  0000020a    00000002     (.common:calcFlag)
                  0000020c    00000002     (.common:frequency)
                  0000020e    00000002     (.common:inputFlag)
                  00000210    00000002     (.common:timerCalcVal)
                  00000212    00000002     (.common:timerCounter)
                  00000214    00000002     (.common:updateCounter)

.TI.noinit 
*          0    00000200    00000000     UNINITIALIZED

.data      0    00000216    00000004     UNINITIALIZED
                  00000216    00000004     main.obj (.data)

.TI.persistent 
*          0    00000216    00000000     UNINITIALIZED

.stack     0    000003b0    00000050     UNINITIALIZED
                  000003b0    00000002     rts430_eabi.lib : boot.obj (.stack)
                  000003b2    0000004e     --HOLE--

.text      0    0000c000    00001286     
                  0000c000    0000038c     main.obj (.text:main)
                  0000c38c    000002f8     rts430_eabi.lib : frcmpyd.obj (.text:__TI_frcmpyd)
                  0000c684    00000256                     : mpyd.obj (.text:__mspabi_mpyd)
                  0000c8da    000001f4     lcd_driver.obj (.text:lcd_write_message)
                  0000cace    000000b0     rts430_eabi.lib : fltlid.obj (.text:__mspabi_fltlid)
                  0000cb7e    000000a6     lcd_driver.obj (.text:lcd_setup)
                  0000cc24    00000090     rts430_eabi.lib : fltuld.obj (.text:__mspabi_fltuld)
                  0000ccb4    0000008a                     : fixdul.obj (.text:__mspabi_fixdul)
                  0000cd3e    00000086     main.obj (.text:itoa)
                  0000cdc4    00000072     main.obj (.text:Port_1)
                  0000ce36    0000005e     rts430_eabi.lib : copy_decompress_rle.obj (.text:__TI_decompress_rle_core)
                  0000ce94    0000005e                     : autoinit.obj (.text:_auto_init)
                  0000cef2    0000005c                     : lsr32.obj (.text:l_lsr_const)
                  0000cf4e    00000058                     : div32u.obj (.text)
                  0000cfa6    0000004c                     : lsr16.obj (.text)
                  0000cff2    00000040                     : div32s.obj (.text)
                  0000d032    0000003e                     : asr32.obj (.text:l_asr_const)
                  0000d070    0000003e                     : lsl32.obj (.text:l_lsl_const)
                  0000d0ae    0000002c                     : asr16.obj (.text)
                  0000d0da    0000002c                     : div16s.obj (.text)
                  0000d106    0000002c                     : lsl16.obj (.text)
                  0000d132    00000026                     : mult32.obj (.text)
                  0000d158    0000001a                     : boot.obj (.text:_c_int00_noexit)
                  0000d172    0000001a                     : strcat.obj (.text:strcat)
                  0000d18c    00000016                     : div16u.obj (.text)
                  0000d1a2    00000014                     : copy_zero_init.obj (.text:decompress:ZI:__TI_zero_init)
                  0000d1b6    00000014                     : memset.obj (.text:memset)
                  0000d1ca    00000014                     : mult16.obj (.text)
                  0000d1de    00000012                     : fixdu.obj (.text:__mspabi_fixdu)
                  0000d1f0    00000012                     : copy_decompress_none.obj (.text:decompress:none:__TI_decompress_none)
                  0000d202    00000012                     : lsr32.obj (.text:l_lsr)
                  0000d214    00000012                     : memcpy.obj (.text:memcpy)
                  0000d226    00000010                     : epilog.obj (.text)
                  0000d236    00000010                     : strcpy.obj (.text:strcpy)
                  0000d246    0000000e                     : strlen.obj (.text:strlen)
                  0000d254    0000000c                     : fltid.obj (.text:__mspabi_fltid)
                  0000d260    00000006     main.obj (.text:Timer_A)
                  0000d266    00000006     main.obj (.text:Timer_A_1)
                  0000d26c    00000006     rts430_eabi.lib : isr_trap.obj (.text:__TI_ISR_TRAP)
                  0000d272    00000006                     : fltud.obj (.text:__mspabi_fltud)
                  0000d278    00000006                     : copy_decompress_rle.obj (.text:decompress:rle24:__TI_decompress_rle24)
                  0000d27e    00000004                     : pre_init.obj (.text:_system_pre_init)
                  0000d282    00000004                     : exit.obj (.text:abort)

.const     0    0000d286    0000006b     
                  0000d286    0000004a     main.obj (.const:.string)
                  0000d2d0    0000000c     main.obj (.const:.string:$P$T0$1)
                  0000d2dc    0000000b     main.obj (.const:.string:$P$T1$2)
                  0000d2e7    00000001     --HOLE-- [fill = 0]
                  0000d2e8    00000009     main.obj (.const:.string:$P$T2$3)

.cinit     0    0000d2f2    0000001a     
                  0000d2f2    00000008     (.cinit..data.load) [load image]
                  0000d2fa    00000006     (__TI_handler_table)
                  0000d300    00000004     (.cinit..bss.load) [load image, compression = zero_init]
                  0000d304    00000008     (__TI_cinit_table)

PORT1      0    0000ffe4    00000002     
                  0000ffe4    00000002     main.obj (.int02)

PORT2      0    0000ffe6    00000002     
                  0000ffe6    00000002     rts430_eabi.lib : int03.obj (.int03)

ADC10      0    0000ffea    00000002     
                  0000ffea    00000002     rts430_eabi.lib : int05.obj (.int05)

USCIAB0TX 
*          0    0000ffec    00000002     
                  0000ffec    00000002     rts430_eabi.lib : int06.obj (.int06)

USCIAB0RX 
*          0    0000ffee    00000002     
                  0000ffee    00000002     rts430_eabi.lib : int07.obj (.int07)

TIMER0_A1 
*          0    0000fff0    00000002     
                  0000fff0    00000002     rts430_eabi.lib : int08.obj (.int08)

TIMER0_A0 
*          0    0000fff2    00000002     
                  0000fff2    00000002     main.obj (.int09)

WDT        0    0000fff4    00000002     
                  0000fff4    00000002     rts430_eabi.lib : int10.obj (.int10)

COMPARATORA 
*          0    0000fff6    00000002     
                  0000fff6    00000002     rts430_eabi.lib : int11.obj (.int11)

TIMER1_A1 
*          0    0000fff8    00000002     
                  0000fff8    00000002     rts430_eabi.lib : int12.obj (.int12)

TIMER1_A0 
*          0    0000fffa    00000002     
                  0000fffa    00000002     main.obj (.int13)

NMI        0    0000fffc    00000002     
                  0000fffc    00000002     rts430_eabi.lib : int14.obj (.int14)

.reset     0    0000fffe    00000002     
                  0000fffe    00000002     rts430_eabi.lib : boot.obj (.reset)


LINKER GENERATED COPY TABLES

__TI_cinit_table @ 0000d304 records: 2, size/record: 4, table size: 8
	.data: load addr=0000d2f2, load size=00000008 bytes, run addr=00000216, run size=00000004 bytes, compression=copy
	.bss: load addr=0000d300, load size=00000004 bytes, run addr=00000200, run size=00000016 bytes, compression=zero_init


LINKER GENERATED HANDLER TABLE

__TI_handler_table @ 0000d2fa records: 3, size/record: 2, table size: 6
	index: 0, handler: __TI_zero_init
	index: 1, handler: __TI_decompress_rle24
	index: 2, handler: __TI_decompress_none


GLOBAL SYMBOLS: SORTED ALPHABETICALLY BY Name 

address    name
--------   ----
0000004a   ADC10AE0
000001b0   ADC10CTL0
000001b2   ADC10CTL1
00000048   ADC10DTC0
00000049   ADC10DTC1
000001b4   ADC10MEM
000001bc   ADC10SA
00000057   BCSCTL1
00000058   BCSCTL2
00000053   BCSCTL3
0000d282   C$$EXIT
00000059   CACTL1
0000005a   CACTL2
000010fb   CALBC1_12MHZ
000010f9   CALBC1_16MHZ
000010ff   CALBC1_1MHZ
000010fd   CALBC1_8MHZ
000010fa   CALDCO_12MHZ
000010f8   CALDCO_16MHZ
000010fe   CALDCO_1MHZ
000010fc   CALDCO_8MHZ
0000005b   CAPD
00000056   DCOCTL
00000128   FCTL1
0000012a   FCTL2
0000012c   FCTL3
00000000   IE1
00000001   IE2
00000002   IFG1
00000003   IFG2
00000022   P1DIR
00000025   P1IE
00000024   P1IES
00000023   P1IFG
00000020   P1IN
00000021   P1OUT
00000027   P1REN
00000026   P1SEL
00000041   P1SEL2
0000002a   P2DIR
0000002d   P2IE
0000002c   P2IES
0000002b   P2IFG
00000028   P2IN
00000029   P2OUT
0000002f   P2REN
0000002e   P2SEL
00000042   P2SEL2
0000001a   P3DIR
00000018   P3IN
00000019   P3OUT
00000010   P3REN
0000001b   P3SEL
00000043   P3SEL2
0000cdc4   Port_1
00000172   TA0CCR0
00000174   TA0CCR1
00000176   TA0CCR2
00000162   TA0CCTL0
00000164   TA0CCTL1
00000166   TA0CCTL2
00000160   TA0CTL
0000012e   TA0IV
00000170   TA0R
00000192   TA1CCR0
00000194   TA1CCR1
00000196   TA1CCR2
00000182   TA1CCTL0
00000184   TA1CCTL1
00000186   TA1CCTL2
00000180   TA1CTL
0000011e   TA1IV
00000190   TA1R
0000d260   Timer_A
0000d266   Timer_A_1
0000005d   UCA0ABCTL
00000062   UCA0BR0
00000063   UCA0BR1
00000060   UCA0CTL0
00000061   UCA0CTL1
0000005f   UCA0IRRCTL
0000005e   UCA0IRTCTL
00000064   UCA0MCTL
00000066   UCA0RXBUF
00000065   UCA0STAT
00000067   UCA0TXBUF
0000006a   UCB0BR0
0000006b   UCB0BR1
00000068   UCB0CTL0
00000069   UCB0CTL1
0000006c   UCB0I2CIE
00000118   UCB0I2COA
0000011a   UCB0I2CSA
0000006e   UCB0RXBUF
0000006d   UCB0STAT
0000006f   UCB0TXBUF
00000120   WDTCTL
00000400   __STACK_END
00000050   __STACK_SIZE
0000d304   __TI_CINIT_Base
0000d30c   __TI_CINIT_Limit
0000d2fa   __TI_Handler_Table_Base
0000d300   __TI_Handler_Table_Limit
UNDEFED    __TI_INITARRAY_Base
UNDEFED    __TI_INITARRAY_Limit
0000d26c   __TI_ISR_TRAP
00000001   __TI_args_main
0000d1f0   __TI_decompress_none
0000d278   __TI_decompress_rle24
00000001   __TI_exit
0000c38c   __TI_frcmpyd
0000ffe4   __TI_int02
0000ffe6   __TI_int03
0000ffea   __TI_int05
0000ffec   __TI_int06
0000ffee   __TI_int07
0000fff0   __TI_int08
0000fff2   __TI_int09
0000fff4   __TI_int10
0000fff6   __TI_int11
0000fff8   __TI_int12
0000fffa   __TI_int13
0000fffc   __TI_int14
0000d1a2   __TI_zero_init
ffffffff   __binit__
ffffffff   __c_args__
0000d0da   __mspabi_divi
0000cff2   __mspabi_divli
0000d18c   __mspabi_divu
0000cf4e   __mspabi_divul
0000d1de   __mspabi_fixdu
0000ccb4   __mspabi_fixdul
0000d254   __mspabi_fltid
0000cace   __mspabi_fltlid
0000d272   __mspabi_fltud
0000cc24   __mspabi_fltuld
0000d232   __mspabi_func_epilog_1
0000d230   __mspabi_func_epilog_2
0000d22e   __mspabi_func_epilog_3
0000d22c   __mspabi_func_epilog_4
0000d22a   __mspabi_func_epilog_5
0000d228   __mspabi_func_epilog_6
0000d226   __mspabi_func_epilog_7
0000c684   __mspabi_mpyd
0000d1ca   __mspabi_mpyi
0000d132   __mspabi_mpyl
0000d0da   __mspabi_remi
0000cff2   __mspabi_remli
0000d18c   __mspabi_remu
0000cf4e   __mspabi_remul
0000d106   __mspabi_slli
0000d12e   __mspabi_slli_1
0000d11c   __mspabi_slli_10
0000d11a   __mspabi_slli_11
0000d118   __mspabi_slli_12
0000d116   __mspabi_slli_13
0000d114   __mspabi_slli_14
0000d112   __mspabi_slli_15
0000d12c   __mspabi_slli_2
0000d12a   __mspabi_slli_3
0000d128   __mspabi_slli_4
0000d126   __mspabi_slli_5
0000d124   __mspabi_slli_6
0000d122   __mspabi_slli_7
0000d120   __mspabi_slli_8
0000d11e   __mspabi_slli_9
0000d0a8   __mspabi_slll_1
0000d084   __mspabi_slll_10
0000d080   __mspabi_slll_11
0000d07c   __mspabi_slll_12
0000d078   __mspabi_slll_13
0000d074   __mspabi_slll_14
0000d070   __mspabi_slll_15
0000d0a4   __mspabi_slll_2
0000d0a0   __mspabi_slll_3
0000d09c   __mspabi_slll_4
0000d098   __mspabi_slll_5
0000d094   __mspabi_slll_6
0000d090   __mspabi_slll_7
0000d08c   __mspabi_slll_8
0000d088   __mspabi_slll_9
0000d0ae   __mspabi_srai
0000d0d6   __mspabi_srai_1
0000d0c4   __mspabi_srai_10
0000d0c2   __mspabi_srai_11
0000d0c0   __mspabi_srai_12
0000d0be   __mspabi_srai_13
0000d0bc   __mspabi_srai_14
0000d0ba   __mspabi_srai_15
0000d0d4   __mspabi_srai_2
0000d0d2   __mspabi_srai_3
0000d0d0   __mspabi_srai_4
0000d0ce   __mspabi_srai_5
0000d0cc   __mspabi_srai_6
0000d0ca   __mspabi_srai_7
0000d0c8   __mspabi_srai_8
0000d0c6   __mspabi_srai_9
0000d06a   __mspabi_sral_1
0000d046   __mspabi_sral_10
0000d042   __mspabi_sral_11
0000d03e   __mspabi_sral_12
0000d03a   __mspabi_sral_13
0000d036   __mspabi_sral_14
0000d032   __mspabi_sral_15
0000d066   __mspabi_sral_2
0000d062   __mspabi_sral_3
0000d05e   __mspabi_sral_4
0000d05a   __mspabi_sral_5
0000d056   __mspabi_sral_6
0000d052   __mspabi_sral_7
0000d04e   __mspabi_sral_8
0000d04a   __mspabi_sral_9
0000cfa6   __mspabi_srli
0000cfec   __mspabi_srli_1
0000cfc8   __mspabi_srli_10
0000cfc4   __mspabi_srli_11
0000cfc0   __mspabi_srli_12
0000cfbc   __mspabi_srli_13
0000cfb8   __mspabi_srli_14
0000cfb4   __mspabi_srli_15
0000cfe8   __mspabi_srli_2
0000cfe4   __mspabi_srli_3
0000cfe0   __mspabi_srli_4
0000cfdc   __mspabi_srli_5
0000cfd8   __mspabi_srli_6
0000cfd4   __mspabi_srli_7
0000cfd0   __mspabi_srli_8
0000cfcc   __mspabi_srli_9
0000d202   __mspabi_srll
0000cf46   __mspabi_srll_1
0000cf10   __mspabi_srll_10
0000cf0a   __mspabi_srll_11
0000cf04   __mspabi_srll_12
0000cefe   __mspabi_srll_13
0000cef8   __mspabi_srll_14
0000cef2   __mspabi_srll_15
0000cf40   __mspabi_srll_2
0000cf3a   __mspabi_srll_3
0000cf34   __mspabi_srll_4
0000cf2e   __mspabi_srll_5
0000cf28   __mspabi_srll_6
0000cf22   __mspabi_srll_7
0000cf1c   __mspabi_srll_8
0000cf16   __mspabi_srll_9
0000ce94   _auto_init
0000d158   _c_int00
0000d158   _c_int00_noexit
0000fffe   _reset_vector
000003b0   _stack
0000d27e   _system_pre_init
0000d282   abort
ffffffff   binit
0000020a   calcFlag
0000020c   frequency
00000200   frequencyAvg
0000020e   inputFlag
0000cd3e   itoa
00000216   lcdDisplay
0000cb7e   lcd_setup
0000c8da   lcd_write_message
0000c000   main
00000218   measureCount
0000d214   memcpy
0000d1b6   memset
0000d172   strcat
0000d236   strcpy
0000d246   strlen
00000210   timerCalcVal
00000212   timerCounter
00000214   updateCounter


GLOBAL SYMBOLS: SORTED BY Symbol Address 

address    name
--------   ----
00000000   IE1
00000001   IE2
00000001   __TI_args_main
00000001   __TI_exit
00000002   IFG1
00000003   IFG2
00000010   P3REN
00000018   P3IN
00000019   P3OUT
0000001a   P3DIR
0000001b   P3SEL
00000020   P1IN
00000021   P1OUT
00000022   P1DIR
00000023   P1IFG
00000024   P1IES
00000025   P1IE
00000026   P1SEL
00000027   P1REN
00000028   P2IN
00000029   P2OUT
0000002a   P2DIR
0000002b   P2IFG
0000002c   P2IES
0000002d   P2IE
0000002e   P2SEL
0000002f   P2REN
00000041   P1SEL2
00000042   P2SEL2
00000043   P3SEL2
00000048   ADC10DTC0
00000049   ADC10DTC1
0000004a   ADC10AE0
00000050   __STACK_SIZE
00000053   BCSCTL3
00000056   DCOCTL
00000057   BCSCTL1
00000058   BCSCTL2
00000059   CACTL1
0000005a   CACTL2
0000005b   CAPD
0000005d   UCA0ABCTL
0000005e   UCA0IRTCTL
0000005f   UCA0IRRCTL
00000060   UCA0CTL0
00000061   UCA0CTL1
00000062   UCA0BR0
00000063   UCA0BR1
00000064   UCA0MCTL
00000065   UCA0STAT
00000066   UCA0RXBUF
00000067   UCA0TXBUF
00000068   UCB0CTL0
00000069   UCB0CTL1
0000006a   UCB0BR0
0000006b   UCB0BR1
0000006c   UCB0I2CIE
0000006d   UCB0STAT
0000006e   UCB0RXBUF
0000006f   UCB0TXBUF
00000118   UCB0I2COA
0000011a   UCB0I2CSA
0000011e   TA1IV
00000120   WDTCTL
00000128   FCTL1
0000012a   FCTL2
0000012c   FCTL3
0000012e   TA0IV
00000160   TA0CTL
00000162   TA0CCTL0
00000164   TA0CCTL1
00000166   TA0CCTL2
00000170   TA0R
00000172   TA0CCR0
00000174   TA0CCR1
00000176   TA0CCR2
00000180   TA1CTL
00000182   TA1CCTL0
00000184   TA1CCTL1
00000186   TA1CCTL2
00000190   TA1R
00000192   TA1CCR0
00000194   TA1CCR1
00000196   TA1CCR2
000001b0   ADC10CTL0
000001b2   ADC10CTL1
000001b4   ADC10MEM
000001bc   ADC10SA
00000200   frequencyAvg
0000020a   calcFlag
0000020c   frequency
0000020e   inputFlag
00000210   timerCalcVal
00000212   timerCounter
00000214   updateCounter
00000216   lcdDisplay
00000218   measureCount
000003b0   _stack
00000400   __STACK_END
000010f8   CALDCO_16MHZ
000010f9   CALBC1_16MHZ
000010fa   CALDCO_12MHZ
000010fb   CALBC1_12MHZ
000010fc   CALDCO_8MHZ
000010fd   CALBC1_8MHZ
000010fe   CALDCO_1MHZ
000010ff   CALBC1_1MHZ
0000c000   main
0000c38c   __TI_frcmpyd
0000c684   __mspabi_mpyd
0000c8da   lcd_write_message
0000cace   __mspabi_fltlid
0000cb7e   lcd_setup
0000cc24   __mspabi_fltuld
0000ccb4   __mspabi_fixdul
0000cd3e   itoa
0000cdc4   Port_1
0000ce94   _auto_init
0000cef2   __mspabi_srll_15
0000cef8   __mspabi_srll_14
0000cefe   __mspabi_srll_13
0000cf04   __mspabi_srll_12
0000cf0a   __mspabi_srll_11
0000cf10   __mspabi_srll_10
0000cf16   __mspabi_srll_9
0000cf1c   __mspabi_srll_8
0000cf22   __mspabi_srll_7
0000cf28   __mspabi_srll_6
0000cf2e   __mspabi_srll_5
0000cf34   __mspabi_srll_4
0000cf3a   __mspabi_srll_3
0000cf40   __mspabi_srll_2
0000cf46   __mspabi_srll_1
0000cf4e   __mspabi_divul
0000cf4e   __mspabi_remul
0000cfa6   __mspabi_srli
0000cfb4   __mspabi_srli_15
0000cfb8   __mspabi_srli_14
0000cfbc   __mspabi_srli_13
0000cfc0   __mspabi_srli_12
0000cfc4   __mspabi_srli_11
0000cfc8   __mspabi_srli_10
0000cfcc   __mspabi_srli_9
0000cfd0   __mspabi_srli_8
0000cfd4   __mspabi_srli_7
0000cfd8   __mspabi_srli_6
0000cfdc   __mspabi_srli_5
0000cfe0   __mspabi_srli_4
0000cfe4   __mspabi_srli_3
0000cfe8   __mspabi_srli_2
0000cfec   __mspabi_srli_1
0000cff2   __mspabi_divli
0000cff2   __mspabi_remli
0000d032   __mspabi_sral_15
0000d036   __mspabi_sral_14
0000d03a   __mspabi_sral_13
0000d03e   __mspabi_sral_12
0000d042   __mspabi_sral_11
0000d046   __mspabi_sral_10
0000d04a   __mspabi_sral_9
0000d04e   __mspabi_sral_8
0000d052   __mspabi_sral_7
0000d056   __mspabi_sral_6
0000d05a   __mspabi_sral_5
0000d05e   __mspabi_sral_4
0000d062   __mspabi_sral_3
0000d066   __mspabi_sral_2
0000d06a   __mspabi_sral_1
0000d070   __mspabi_slll_15
0000d074   __mspabi_slll_14
0000d078   __mspabi_slll_13
0000d07c   __mspabi_slll_12
0000d080   __mspabi_slll_11
0000d084   __mspabi_slll_10
0000d088   __mspabi_slll_9
0000d08c   __mspabi_slll_8
0000d090   __mspabi_slll_7
0000d094   __mspabi_slll_6
0000d098   __mspabi_slll_5
0000d09c   __mspabi_slll_4
0000d0a0   __mspabi_slll_3
0000d0a4   __mspabi_slll_2
0000d0a8   __mspabi_slll_1
0000d0ae   __mspabi_srai
0000d0ba   __mspabi_srai_15
0000d0bc   __mspabi_srai_14
0000d0be   __mspabi_srai_13
0000d0c0   __mspabi_srai_12
0000d0c2   __mspabi_srai_11
0000d0c4   __mspabi_srai_10
0000d0c6   __mspabi_srai_9
0000d0c8   __mspabi_srai_8
0000d0ca   __mspabi_srai_7
0000d0cc   __mspabi_srai_6
0000d0ce   __mspabi_srai_5
0000d0d0   __mspabi_srai_4
0000d0d2   __mspabi_srai_3
0000d0d4   __mspabi_srai_2
0000d0d6   __mspabi_srai_1
0000d0da   __mspabi_divi
0000d0da   __mspabi_remi
0000d106   __mspabi_slli
0000d112   __mspabi_slli_15
0000d114   __mspabi_slli_14
0000d116   __mspabi_slli_13
0000d118   __mspabi_slli_12
0000d11a   __mspabi_slli_11
0000d11c   __mspabi_slli_10
0000d11e   __mspabi_slli_9
0000d120   __mspabi_slli_8
0000d122   __mspabi_slli_7
0000d124   __mspabi_slli_6
0000d126   __mspabi_slli_5
0000d128   __mspabi_slli_4
0000d12a   __mspabi_slli_3
0000d12c   __mspabi_slli_2
0000d12e   __mspabi_slli_1
0000d132   __mspabi_mpyl
0000d158   _c_int00
0000d158   _c_int00_noexit
0000d172   strcat
0000d18c   __mspabi_divu
0000d18c   __mspabi_remu
0000d1a2   __TI_zero_init
0000d1b6   memset
0000d1ca   __mspabi_mpyi
0000d1de   __mspabi_fixdu
0000d1f0   __TI_decompress_none
0000d202   __mspabi_srll
0000d214   memcpy
0000d226   __mspabi_func_epilog_7
0000d228   __mspabi_func_epilog_6
0000d22a   __mspabi_func_epilog_5
0000d22c   __mspabi_func_epilog_4
0000d22e   __mspabi_func_epilog_3
0000d230   __mspabi_func_epilog_2
0000d232   __mspabi_func_epilog_1
0000d236   strcpy
0000d246   strlen
0000d254   __mspabi_fltid
0000d260   Timer_A
0000d266   Timer_A_1
0000d26c   __TI_ISR_TRAP
0000d272   __mspabi_fltud
0000d278   __TI_decompress_rle24
0000d27e   _system_pre_init
0000d282   C$$EXIT
0000d282   abort
0000d2fa   __TI_Handler_Table_Base
0000d300   __TI_Handler_Table_Limit
0000d304   __TI_CINIT_Base
0000d30c   __TI_CINIT_Limit
0000ffe4   __TI_int02
0000ffe6   __TI_int03
0000ffea   __TI_int05
0000ffec   __TI_int06
0000ffee   __TI_int07
0000fff0   __TI_int08
0000fff2   __TI_int09
0000fff4   __TI_int10
0000fff6   __TI_int11
0000fff8   __TI_int12
0000fffa   __TI_int13
0000fffc   __TI_int14
0000fffe   _reset_vector
ffffffff   __binit__
ffffffff   __c_args__
ffffffff   binit
UNDEFED    __TI_INITARRAY_Base
UNDEFED    __TI_INITARRAY_Limit

[270 symbols]
